// Jest Snapshot v1, https://goo.gl/fbAQLP

exports[`compileRelayArtifacts (incremental delivery disabled) matches expected output: stream-connection.graphql 1`] = `
~~~~~~~~~~ INPUT ~~~~~~~~~~
query NodeQuery(
  $id: ID!
  $RELAY_INCREMENTAL_DELIVERY: Boolean!
) {
  node(id: $id) {
    id
    ...NodeFragment
  }
}

fragment NodeFragment on Node {
  ... on Story {
    comments(first: 10)
    @stream_connection(
      key: "NodeQuery_comments"
      initial_count: 0
      label: "comments"
      if: $RELAY_INCREMENTAL_DELIVERY
    ) {
      edges {
        node {
          actor {
            name
          }
        }
      }
      pageInfo {
        endCursor
        hasNextPage
      }
    }
  }
}

~~~~~~~~~~ OUTPUT ~~~~~~~~~~
{
  "kind": "Request",
  "fragment": {
    "kind": "Fragment",
    "name": "NodeQuery",
    "type": "Query",
    "metadata": null,
    "argumentDefinitions": [
      {
        "kind": "LocalArgument",
        "name": "id",
        "type": "ID!",
        "defaultValue": null
      },
      {
        "kind": "LocalArgument",
        "name": "RELAY_INCREMENTAL_DELIVERY",
        "type": "Boolean!",
        "defaultValue": null
      }
    ],
    "selections": [
      {
        "kind": "LinkedField",
        "alias": null,
        "name": "node",
        "storageKey": null,
        "args": [
          {
            "kind": "Variable",
            "name": "id",
            "variableName": "id"
          }
        ],
        "concreteType": null,
        "plural": false,
        "selections": [
          {
            "kind": "ScalarField",
            "alias": null,
            "name": "id",
            "args": null,
            "storageKey": null
          },
          {
            "kind": "FragmentSpread",
            "name": "NodeFragment",
            "args": null
          }
        ]
      }
    ]
  },
  "operation": {
    "kind": "Operation",
    "name": "NodeQuery",
    "argumentDefinitions": [
      {
        "kind": "LocalArgument",
        "name": "id",
        "type": "ID!",
        "defaultValue": null
      },
      {
        "kind": "LocalArgument",
        "name": "RELAY_INCREMENTAL_DELIVERY",
        "type": "Boolean!",
        "defaultValue": null
      }
    ],
    "selections": [
      {
        "kind": "LinkedField",
        "alias": null,
        "name": "node",
        "storageKey": null,
        "args": [
          {
            "kind": "Variable",
            "name": "id",
            "variableName": "id"
          }
        ],
        "concreteType": null,
        "plural": false,
        "selections": [
          {
            "kind": "ScalarField",
            "alias": null,
            "name": "__typename",
            "args": null,
            "storageKey": null
          },
          {
            "kind": "ScalarField",
            "alias": null,
            "name": "id",
            "args": null,
            "storageKey": null
          },
          {
            "kind": "InlineFragment",
            "type": "Story",
            "selections": [
              {
                "kind": "LinkedField",
                "alias": null,
                "name": "comments",
                "storageKey": "comments(first:10)",
                "args": [
                  {
                    "kind": "Literal",
                    "name": "first",
                    "value": 10
                  }
                ],
                "concreteType": "CommentsConnection",
                "plural": false,
                "selections": [
                  {
                    "if": "RELAY_INCREMENTAL_DELIVERY",
                    "kind": "Stream",
                    "label": "NodeFragment$stream$comments",
                    "metadata": null,
                    "selections": [
                      {
                        "kind": "LinkedField",
                        "alias": null,
                        "name": "edges",
                        "storageKey": null,
                        "args": null,
                        "concreteType": "CommentsEdge",
                        "plural": true,
                        "selections": [
                          {
                            "kind": "LinkedField",
                            "alias": null,
                            "name": "node",
                            "storageKey": null,
                            "args": null,
                            "concreteType": "Comment",
                            "plural": false,
                            "selections": [
                              {
                                "kind": "LinkedField",
                                "alias": null,
                                "name": "actor",
                                "storageKey": null,
                                "args": null,
                                "concreteType": null,
                                "plural": false,
                                "selections": [
                                  {
                                    "kind": "ScalarField",
                                    "alias": null,
                                    "name": "__typename",
                                    "args": null,
                                    "storageKey": null
                                  },
                                  {
                                    "kind": "ScalarField",
                                    "alias": null,
                                    "name": "name",
                                    "args": null,
                                    "storageKey": null
                                  },
                                  {
                                    "kind": "ScalarField",
                                    "alias": null,
                                    "name": "id",
                                    "args": null,
                                    "storageKey": null
                                  }
                                ]
                              },
                              {
                                "kind": "ScalarField",
                                "alias": null,
                                "name": "id",
                                "args": null,
                                "storageKey": null
                              },
                              {
                                "kind": "ScalarField",
                                "alias": null,
                                "name": "__typename",
                                "args": null,
                                "storageKey": null
                              }
                            ]
                          },
                          {
                            "kind": "ScalarField",
                            "alias": null,
                            "name": "cursor",
                            "args": null,
                            "storageKey": null
                          }
                        ]
                      }
                    ]
                  },
                  {
                    "if": "RELAY_INCREMENTAL_DELIVERY",
                    "kind": "Defer",
                    "label": "NodeFragment$defer$comments$pageInfo",
                    "metadata": null,
                    "selections": [
                      {
                        "kind": "InlineFragment",
                        "type": "CommentsConnection",
                        "selections": [
                          {
                            "kind": "LinkedField",
                            "alias": null,
                            "name": "pageInfo",
                            "storageKey": null,
                            "args": null,
                            "concreteType": "PageInfo",
                            "plural": false,
                            "selections": [
                              {
                                "kind": "ScalarField",
                                "alias": null,
                                "name": "endCursor",
                                "args": null,
                                "storageKey": null
                              },
                              {
                                "kind": "ScalarField",
                                "alias": null,
                                "name": "hasNextPage",
                                "args": null,
                                "storageKey": null
                              }
                            ]
                          }
                        ]
                      }
                    ]
                  }
                ]
              },
              {
                "kind": "LinkedHandle",
                "alias": null,
                "name": "comments",
                "args": [
                  {
                    "kind": "Literal",
                    "name": "first",
                    "value": 10
                  }
                ],
                "handle": "connection",
                "key": "NodeQuery_comments",
                "filters": null
              }
            ]
          }
        ]
      }
    ]
  }
}

QUERY:

query NodeQuery(
  $id: ID!
  $RELAY_INCREMENTAL_DELIVERY: Boolean!
) {
  node(id: $id) {
    __typename
    id
    ...NodeFragment
  }
}

fragment NodeFragment on Node {
  ... on Story {
    comments(first: 10) {
      edges @stream(label: "NodeFragment$stream$comments", if: $RELAY_INCREMENTAL_DELIVERY, initial_count: 0) {
        node {
          actor {
            __typename
            name
            id
          }
          id
          __typename
        }
        cursor
      }
      ... on CommentsConnection @defer(label: "NodeFragment$defer$comments$pageInfo", if: $RELAY_INCREMENTAL_DELIVERY) {
        pageInfo {
          endCursor
          hasNextPage
        }
      }
    }
  }
}


{
  "kind": "Fragment",
  "name": "NodeFragment",
  "type": "Node",
  "metadata": {
    "connection": [
      {
        "count": null,
        "cursor": null,
        "direction": "forward",
        "path": [
          "comments"
        ]
      }
    ]
  },
  "argumentDefinitions": [
    {
      "kind": "RootArgument",
      "name": "RELAY_INCREMENTAL_DELIVERY",
      "type": "Boolean"
    }
  ],
  "selections": [
    {
      "kind": "InlineFragment",
      "type": "Story",
      "selections": [
        {
          "kind": "LinkedField",
          "alias": "comments",
          "name": "__NodeQuery_comments_connection",
          "storageKey": null,
          "args": null,
          "concreteType": "CommentsConnection",
          "plural": false,
          "selections": [
            {
              "kind": "LinkedField",
              "alias": null,
              "name": "edges",
              "storageKey": null,
              "args": null,
              "concreteType": "CommentsEdge",
              "plural": true,
              "selections": [
                {
                  "kind": "LinkedField",
                  "alias": null,
                  "name": "node",
                  "storageKey": null,
                  "args": null,
                  "concreteType": "Comment",
                  "plural": false,
                  "selections": [
                    {
                      "kind": "LinkedField",
                      "alias": null,
                      "name": "actor",
                      "storageKey": null,
                      "args": null,
                      "concreteType": null,
                      "plural": false,
                      "selections": [
                        {
                          "kind": "ScalarField",
                          "alias": null,
                          "name": "name",
                          "args": null,
                          "storageKey": null
                        }
                      ]
                    },
                    {
                      "kind": "ScalarField",
                      "alias": null,
                      "name": "__typename",
                      "args": null,
                      "storageKey": null
                    }
                  ]
                },
                {
                  "kind": "ScalarField",
                  "alias": null,
                  "name": "cursor",
                  "args": null,
                  "storageKey": null
                }
              ]
            },
            {
              "kind": "LinkedField",
              "alias": null,
              "name": "pageInfo",
              "storageKey": null,
              "args": null,
              "concreteType": "PageInfo",
              "plural": false,
              "selections": [
                {
                  "kind": "ScalarField",
                  "alias": null,
                  "name": "endCursor",
                  "args": null,
                  "storageKey": null
                },
                {
                  "kind": "ScalarField",
                  "alias": null,
                  "name": "hasNextPage",
                  "args": null,
                  "storageKey": null
                }
              ]
            }
          ]
        }
      ]
    }
  ]
}
`;

exports[`compileRelayArtifacts (incremental delivery disabled) matches expected output: stream-connection-missing-if-variable.invalid.graphql 1`] = `
~~~~~~~~~~ INPUT ~~~~~~~~~~
# expected-to-throw
query NodeQuery(
  $id: ID!
) {
  node(id: $id) {
    id
    ... on Story {
      comments(first: 10)
      @stream_connection(
        key: "NodeQuery_comments"
        initial_count: 0
        label: "comments"
      ) {
        edges {
          node {
            actor {
              name
            }
          }
        }
        pageInfo {
          endCursor
          hasNextPage
        }
      }
    }
  }
}

~~~~~~~~~~ OUTPUT ~~~~~~~~~~
THROWN EXCEPTION:

Error: Encountered 1 error(s):
- The @stream_connection directive requires an 'if: $RELAY_INCREMENTAL_DELIVERY' argument. This is a temporary restriction during rollout of incremental data delivery.
  
  Source: GraphQL request (9:7)
   8:       comments(first: 10)
   9:       @stream_connection(
            ^
  10:         key: "NodeQuery_comments"
  
`;
